#-----------------------------------------------------------
# Vivado v2021.1 (64-bit)
# SW Build 3247384 on Thu Jun 10 19:36:33 MDT 2021
# IP Build 3246043 on Fri Jun 11 00:30:35 MDT 2021
# Start of session at: Wed Oct 19 14:37:13 2022
# Process ID: 27044
# Current directory: C:/Users/Pancho/Desktop/Universidad/Arquitectura de Computadores/proyecto-grupo-16
# Command line: vivado.exe -gui_launcher_event rodinguilauncherevent26212 C:\Users\Pancho\Desktop\Universidad\Arquitectura de Computadores\proyecto-grupo-16\Proyecto Base.xpr
# Log file: C:/Users/Pancho/Desktop/Universidad/Arquitectura de Computadores/proyecto-grupo-16/vivado.log
# Journal file: C:/Users/Pancho/Desktop/Universidad/Arquitectura de Computadores/proyecto-grupo-16\vivado.jou
#-----------------------------------------------------------
start_gui
open_project {C:/Users/Pancho/Desktop/Universidad/Arquitectura de Computadores/proyecto-grupo-16/Proyecto Base.xpr}
update_compile_order -fileset sources_1
reset_run synth_1
launch_runs impl_1 -jobs 4
wait_on_run impl_1
reset_run synth_1
launch_runs synth_1 -jobs 4
wait_on_run synth_1
launch_runs impl_1 -jobs 4
wait_on_run impl_1
launch_runs impl_1 -to_step write_bitstream -jobs 4
wait_on_run impl_1
